Component: ARM Compiler 6.14 Tool: armlink [5db06800]

==============================================================================

Section Cross References

    startup_sam3xa.o(STACK) refers (Special) to system_sam3xa.o(.text.SystemInit) for SystemInit
    startup_sam3xa.o(STACK) refers (Special) to heapauxi.o(.text) for __use_two_region_memory
    startup_sam3xa.o(HEAP) refers (Special) to system_sam3xa.o(.text.SystemInit) for SystemInit
    startup_sam3xa.o(HEAP) refers (Special) to heapauxi.o(.text) for __use_two_region_memory
    startup_sam3xa.o(RESET) refers (Special) to system_sam3xa.o(.text.SystemInit) for SystemInit
    startup_sam3xa.o(RESET) refers (Special) to heapauxi.o(.text) for __use_two_region_memory
    startup_sam3xa.o(RESET) refers to startup_sam3xa.o(STACK) for __initial_sp
    startup_sam3xa.o(RESET) refers to startup_sam3xa.o(.text) for Reset_Handler
    startup_sam3xa.o(.text) refers (Special) to system_sam3xa.o(.text.SystemInit) for SystemInit
    startup_sam3xa.o(.text) refers (Special) to heapauxi.o(.text) for __use_two_region_memory
    startup_sam3xa.o(.text) refers to code1.o(myCode) for __main1
    startup_sam3xa.o(.text) refers to startup_sam3xa.o(HEAP) for Heap_Mem
    startup_sam3xa.o(.text) refers to startup_sam3xa.o(STACK) for Stack_Mem
    system_sam3xa.o(.text.SystemCoreClockUpdate) refers to system_sam3xa.o(.data.SystemCoreClock) for SystemCoreClock
    system_sam3xa.o(.ARM.exidx.text.SystemCoreClockUpdate) refers to system_sam3xa.o(.text.SystemCoreClockUpdate) for [Anonymous Symbol]
    system_sam3xa.o(.ARM.exidx.text.SystemInit) refers to system_sam3xa.o(.text.SystemInit) for [Anonymous Symbol]


==============================================================================

Removing Unused input sections from the image.

    Removing test_code.o(myData), (0 bytes).
    Removing code1.o(myData), (0 bytes).
    Removing code5.o(.text), (0 bytes).
    Removing system_sam3xa.o(.text), (0 bytes).
    Removing system_sam3xa.o(.text.SystemCoreClockUpdate), (256 bytes).
    Removing system_sam3xa.o(.ARM.exidx.text.SystemCoreClockUpdate), (8 bytes).
    Removing system_sam3xa.o(.ARM.exidx.text.SystemInit), (8 bytes).
    Removing system_sam3xa.o(.data.SystemCoreClock), (4 bytes).

8 unused section(s) (total 276 bytes) removed from the image.

==============================================================================

Image Symbol Table

    Local Symbols

    Symbol Name                              Value     Ov Type        Size  Object(Section)

    ../clib/heapaux.c                        0x00000000   Number         0  heapauxi.o ABSOLUTE
    Code1.s                                  0x00000000   Number         0  code1.o ABSOLUTE
    Code2.s                                  0x00000000   Number         0  code2.o ABSOLUTE
    Code3.s                                  0x00000000   Number         0  code3.o ABSOLUTE
    Code4.s                                  0x00000000   Number         0  code4.o ABSOLUTE
    Code6.s                                  0x00000000   Number         0  code6.o ABSOLUTE
    RTE/Device/ATSAM3A4C/startup_SAM3XA.s    0x00000000   Number         0  startup_sam3xa.o ABSOLUTE
    dc.s                                     0x00000000   Number         0  dc.o ABSOLUTE
    system_SAM3XA.c                          0x00000000   Number         0  system_sam3xa.o ABSOLUTE
    test_code.s                              0x00000000   Number         0  test_code.o ABSOLUTE
    RESET                                    0x00080000   Section      244  startup_sam3xa.o(RESET)
    .text                                    0x000800f4   Section       56  startup_sam3xa.o(.text)
    .text                                    0x0008012c   Section        0  heapauxi.o(.text)
    [Anonymous Symbol]                       0x00080134   Section        0  system_sam3xa.o(.text.SystemInit)
    myCode                                   0x000801cc   Section       26  test_code.o(myCode)
    myCode                                   0x000801e8   Section       56  code1.o(myCode)
    myCode                                   0x00080220   Section       22  code2.o(myCode)
    myCode                                   0x00080238   Section       46  code3.o(myCode)
    myCode                                   0x00080268   Section       64  code4.o(myCode)
    myCode                                   0x000802a8   Section       40  code6.o(myCode)
    Heap_Mem                                 0x20000000   Data         512  startup_sam3xa.o(HEAP)
    HEAP                                     0x20000000   Section      512  startup_sam3xa.o(HEAP)
    Stack_Mem                                0x20000200   Data         512  startup_sam3xa.o(STACK)
    STACK                                    0x20000200   Section      512  startup_sam3xa.o(STACK)
    __initial_sp                             0x20000400   Data           0  startup_sam3xa.o(STACK)

    Global Symbols

    Symbol Name                              Value     Ov Type        Size  Object(Section)

    BuildAttributes$$THM_ISAv4$P$D$K$B$S$PE$A:L22UL41UL21$X:L11$S22US41US21$IEEE1$IW$~IW$USESV6$~STKCKD$USESV7$~SHL$OTIME$ROPI$EBA8$STANDARDLIB$REQ8$EABIv2 0x00000000   Number         0  anon$$obj.o ABSOLUTE
    __Vectors                                0x00080000   Data           4  startup_sam3xa.o(RESET)
    Reset_Handler                            0x000800f5   Thumb Code     4  startup_sam3xa.o(.text)
    NMI_Handler                              0x000800f9   Thumb Code     2  startup_sam3xa.o(.text)
    HardFault_Handler                        0x000800fb   Thumb Code     2  startup_sam3xa.o(.text)
    MemManage_Handler                        0x000800fd   Thumb Code     2  startup_sam3xa.o(.text)
    BusFault_Handler                         0x000800ff   Thumb Code     2  startup_sam3xa.o(.text)
    UsageFault_Handler                       0x00080101   Thumb Code     2  startup_sam3xa.o(.text)
    SVC_Handler                              0x00080103   Thumb Code     2  startup_sam3xa.o(.text)
    DebugMon_Handler                         0x00080105   Thumb Code     2  startup_sam3xa.o(.text)
    PendSV_Handler                           0x00080107   Thumb Code     2  startup_sam3xa.o(.text)
    SysTick_Handler                          0x00080109   Thumb Code     2  startup_sam3xa.o(.text)
    ADC_IRQHandler                           0x0008010b   Thumb Code     0  startup_sam3xa.o(.text)
    CAN0_IRQHandler                          0x0008010b   Thumb Code     0  startup_sam3xa.o(.text)
    CAN1_IRQHandler                          0x0008010b   Thumb Code     0  startup_sam3xa.o(.text)
    DACC_IRQHandler                          0x0008010b   Thumb Code     0  startup_sam3xa.o(.text)
    DMAC_IRQHandler                          0x0008010b   Thumb Code     0  startup_sam3xa.o(.text)
    EFC0_IRQHandler                          0x0008010b   Thumb Code     0  startup_sam3xa.o(.text)
    EFC1_IRQHandler                          0x0008010b   Thumb Code     0  startup_sam3xa.o(.text)
    EMAC_IRQHandler                          0x0008010b   Thumb Code     0  startup_sam3xa.o(.text)
    HSMCI_IRQHandler                         0x0008010b   Thumb Code     0  startup_sam3xa.o(.text)
    PIOA_IRQHandler                          0x0008010b   Thumb Code     0  startup_sam3xa.o(.text)
    PIOB_IRQHandler                          0x0008010b   Thumb Code     0  startup_sam3xa.o(.text)
    PIOC_IRQHandler                          0x0008010b   Thumb Code     0  startup_sam3xa.o(.text)
    PIOD_IRQHandler                          0x0008010b   Thumb Code     0  startup_sam3xa.o(.text)
    PIOE_IRQHandler                          0x0008010b   Thumb Code     0  startup_sam3xa.o(.text)
    PIOF_IRQHandler                          0x0008010b   Thumb Code     0  startup_sam3xa.o(.text)
    PMC_IRQHandler                           0x0008010b   Thumb Code     0  startup_sam3xa.o(.text)
    PWM_IRQHandler                           0x0008010b   Thumb Code     0  startup_sam3xa.o(.text)
    RSTC_IRQHandler                          0x0008010b   Thumb Code     0  startup_sam3xa.o(.text)
    RTC_IRQHandler                           0x0008010b   Thumb Code     0  startup_sam3xa.o(.text)
    RTT_IRQHandler                           0x0008010b   Thumb Code     0  startup_sam3xa.o(.text)
    SDRAMC_IRQHandler                        0x0008010b   Thumb Code     0  startup_sam3xa.o(.text)
    SMC_IRQHandler                           0x0008010b   Thumb Code     0  startup_sam3xa.o(.text)
    SPI0_IRQHandler                          0x0008010b   Thumb Code     0  startup_sam3xa.o(.text)
    SPI1_IRQHandler                          0x0008010b   Thumb Code     0  startup_sam3xa.o(.text)
    SSC_IRQHandler                           0x0008010b   Thumb Code     0  startup_sam3xa.o(.text)
    SUPC_IRQHandler                          0x0008010b   Thumb Code     0  startup_sam3xa.o(.text)
    TC0_IRQHandler                           0x0008010b   Thumb Code     0  startup_sam3xa.o(.text)
    TC1_IRQHandler                           0x0008010b   Thumb Code     0  startup_sam3xa.o(.text)
    TC2_IRQHandler                           0x0008010b   Thumb Code     0  startup_sam3xa.o(.text)
    TC3_IRQHandler                           0x0008010b   Thumb Code     0  startup_sam3xa.o(.text)
    TC4_IRQHandler                           0x0008010b   Thumb Code     0  startup_sam3xa.o(.text)
    TC5_IRQHandler                           0x0008010b   Thumb Code     0  startup_sam3xa.o(.text)
    TC6_IRQHandler                           0x0008010b   Thumb Code     0  startup_sam3xa.o(.text)
    TC7_IRQHandler                           0x0008010b   Thumb Code     0  startup_sam3xa.o(.text)
    TC8_IRQHandler                           0x0008010b   Thumb Code     0  startup_sam3xa.o(.text)
    TRNG_IRQHandler                          0x0008010b   Thumb Code     0  startup_sam3xa.o(.text)
    TWI0_IRQHandler                          0x0008010b   Thumb Code     0  startup_sam3xa.o(.text)
    TWI1_IRQHandler                          0x0008010b   Thumb Code     0  startup_sam3xa.o(.text)
    UART_IRQHandler                          0x0008010b   Thumb Code     0  startup_sam3xa.o(.text)
    UOTGHS_IRQHandler                        0x0008010b   Thumb Code     0  startup_sam3xa.o(.text)
    USART0_IRQHandler                        0x0008010b   Thumb Code     0  startup_sam3xa.o(.text)
    USART1_IRQHandler                        0x0008010b   Thumb Code     0  startup_sam3xa.o(.text)
    USART2_IRQHandler                        0x0008010b   Thumb Code     0  startup_sam3xa.o(.text)
    USART3_IRQHandler                        0x0008010b   Thumb Code     0  startup_sam3xa.o(.text)
    WDT_IRQHandler                           0x0008010b   Thumb Code     0  startup_sam3xa.o(.text)
    __user_initial_stackheap                 0x0008010d   Thumb Code     0  startup_sam3xa.o(.text)
    __use_two_region_memory                  0x0008012d   Thumb Code     2  heapauxi.o(.text)
    __rt_heap_escrow$2region                 0x0008012f   Thumb Code     2  heapauxi.o(.text)
    __rt_heap_expand$2region                 0x00080131   Thumb Code     2  heapauxi.o(.text)
    SystemInit                               0x00080135   Thumb Code   152  system_sam3xa.o(.text.SystemInit)
    __main                                   0x000801cd   Thumb Code     0  test_code.o(myCode)
    __main1                                  0x000801e9   Thumb Code     0  code1.o(myCode)
    __main2                                  0x00080221   Thumb Code     0  code2.o(myCode)
    __main3                                  0x00080239   Thumb Code     0  code3.o(myCode)
    __main4                                  0x00080269   Thumb Code     0  code4.o(myCode)
    __main6                                  0x000802a9   Thumb Code     0  code6.o(myCode)



==============================================================================

Memory Map of the image

  Image entry point : Not specified.

  Load Region LR_IROM1 (Base: 0x00080000, Size: 0x000002d0, Max: 0x00020000, ABSOLUTE)

    Execution Region ER_IROM1 (Exec base: 0x00080000, Load base: 0x00080000, Size: 0x000002d0, Max: 0x00020000, ABSOLUTE)

    Exec Addr    Load Addr    Size         Type   Attr      Idx    E Section Name        Object

    0x00080000   0x00080000   0x000000f4   Data   RO           27    RESET               startup_sam3xa.o
    0x000800f4   0x000800f4   0x00000038   Code   RO           28    .text               startup_sam3xa.o
    0x0008012c   0x0008012c   0x00000006   Code   RO           46    .text               c_w.l(heapauxi.o)
    0x00080132   0x00080132   0x00000002   PAD
    0x00080134   0x00080134   0x00000098   Code   RO           35    .text.SystemInit    system_sam3xa.o
    0x000801cc   0x000801cc   0x0000001a   Code   RO            2  * myCode              test_code.o
    0x000801e6   0x000801e6   0x00000002   PAD
    0x000801e8   0x000801e8   0x00000038   Code   RO            8  * myCode              code1.o
    0x00080220   0x00080220   0x00000016   Code   RO           11  * myCode              code2.o
    0x00080236   0x00080236   0x00000002   PAD
    0x00080238   0x00080238   0x0000002e   Code   RO           14  * myCode              code3.o
    0x00080266   0x00080266   0x00000002   PAD
    0x00080268   0x00080268   0x00000040   Code   RO           17  * myCode              code4.o
    0x000802a8   0x000802a8   0x00000028   Code   RO           22  * myCode              code6.o


    Execution Region RW_IRAM1 (Exec base: 0x20000000, Load base: 0x000802d0, Size: 0x00000400, Max: 0x00008000, ABSOLUTE)

    Exec Addr    Load Addr    Size         Type   Attr      Idx    E Section Name        Object

    0x20000000        -       0x00000200   Zero   RW           26    HEAP                startup_sam3xa.o
    0x20000200        -       0x00000200   Zero   RW           25    STACK               startup_sam3xa.o


==============================================================================

Image component sizes


      Code (inc. data)   RO Data    RW Data    ZI Data      Debug   Object Name

        56          0          0          0          0        200   code1.o
        22          0          0          0          0        188   code2.o
        46          0          0          0          0        196   code3.o
        64          0          0          0          0        212   code4.o
        40          0          0          0          0        196   code6.o
        56         22        244          0       1024        772   startup_sam3xa.o
       152          0          0          0          0       2313   system_sam3xa.o
        26          0          0          0          0        232   test_code.o

    ----------------------------------------------------------------------
       468         22        244          0       1024       4309   Object Totals
         0          0          0          0          0          0   (incl. Generated)
         6          0          0          0          0          0   (incl. Padding)

    ----------------------------------------------------------------------

      Code (inc. data)   RO Data    RW Data    ZI Data      Debug   Library Member Name

         6          0          0          0          0        152   heapauxi.o

    ----------------------------------------------------------------------
         8          0          0          0          0        152   Library Totals
         2          0          0          0          0          0   (incl. Padding)

    ----------------------------------------------------------------------

      Code (inc. data)   RO Data    RW Data    ZI Data      Debug   Library Name

         6          0          0          0          0        152   c_w.l

    ----------------------------------------------------------------------
         8          0          0          0          0        152   Library Totals

    ----------------------------------------------------------------------

==============================================================================


      Code (inc. data)   RO Data    RW Data    ZI Data      Debug   

       476         22        244          0       1024       4461   Grand Totals
       476         22        244          0       1024       4461   ELF Image Totals
       476         22        244          0          0          0   ROM Totals

==============================================================================

    Total RO  Size (Code + RO Data)                  720 (   0.70kB)
    Total RW  Size (RW Data + ZI Data)              1024 (   1.00kB)
    Total ROM Size (Code + RO Data + RW Data)        720 (   0.70kB)

==============================================================================

